; Top Design: "semester_task_lib:dc_feed_vgs:schematic"
; Netlisted using Hierarchy Policy: "Standard"

Options ResourceUsage=yes UseNutmegFormat=no EnableOptim=no TopDesignName="semester_task_lib:dc_feed_vgs:schematic" DcopOutputNodeVoltages=yes DcopOutputPinCurrents=yes DcopOutputAllSweepPoints=no DcopOutputDcopType=0
; Library Name: Johanson_lib
; Cell Name: CapJT
; View Name: schematic
define CapJT ( P1  P2 ) 
parameters  C=1.0 pF 
C:C7  N__1 P2 C=0.937*C 
L:L1  P1 N__1 L=(0.647*(C/(1pF))^-0.0414) nH R=3.74*(C/(1pF))^-0.195 Ohm Noise=yes  
C:C10  P2 0 C=0.0317 pF 
C:C9  P1 0 C=0.0317 pF 
end CapJT

MLIN2:TL1  N__23 P2 Subst="MSub1" W=2.8 mm L=16.8 mm Wall1=2.5000000000000002e+28 mm Wall2=2.5000000000000002e+28 mm Mod=1 
MLIN2:TL10  N__4 N__12 Subst="MSub1" W=2.8 mm L=0.5 mm Wall1=2.5000000000000002e+28 mm Wall2=2.5000000000000002e+28 mm Mod=1 
MCROS:Cros3  N__23 N__14 N__27 N__24 Subst="MSub1" W1=2.8 mm W2=2.8 mm W3=2.8 mm W4=2.8 mm 
MLIN2:TL3  N__24 N__3 Subst="MSub1" W=2.8 mm L=1 mm Wall1=2.5000000000000002e+28 mm Wall2=2.5000000000000002e+28 mm Mod=1 
S_Param:SP1 CalcS=yes CalcY=no CalcZ=no GroupDelayAperture=1e-4 FreqConversion=no FreqConversionPort=1 StatusLevel=2 CalcNoise=no SortNoise=0 BandwidthForNoise=1.0 Hz DevOpPtLevel=0 SPSS_WSP=yes \
SweepVar="freq" SweepPlan="SP1_stim" OutputPlan="SP1_Output" 

SweepPlan: SP1_stim Start=1 MHz Stop=10.0 GHz Step=0.01 GHz 

OutputPlan:SP1_Output \
      Type="Output" \
      UseEquationNestLevel=yes \
      EquationNestLevel=2 \
      UseSavedEquationNestLevel=yes \
      SavedEquationNestLevel=2

#load "python","LinearCollapse"
Component Module="LinearCollapse" Type="ModelExtractor" NetworkRepresentation=2
Port:Term1  P2 0 Num=1 Z=50 Ohm Noise=yes 
Port:Term2  P1 0 Num=2 Z=50 Ohm Noise=yes 
model MSub1 MSUB H=1.52 mm Er=4.6 Mur=1 Cond=5.96E+7 Hu=1e+33 mm T=35 um TanD=0.02 Rough=0 mm DielectricLossModel=1 FreqForEpsrTanD=1.0 GHz LowFreqForTanD=1.0 kHz HighFreqForTanD=1.0 THz RoughnessModel=2 
MLIN2:TL9  N__17 N__22 Subst="MSub1" W=2.8 mm L=0.5 mm Wall1=2.5000000000000002e+28 mm Wall2=2.5000000000000002e+28 mm Mod=1 
CapJT:Kap1  N__28 N__2 C=C3 F 
MCROS:Cros1  N__28 N__3 N__31 N__11 Subst="MSub1" W1=2.8 mm W2=2.8 mm W3=2.8 mm W4=2.8 mm 
MLIN2:TL4  N__2 N__8 Subst="MSub1" W=2.8 mm L=0.5 mm Wall1=2.5000000000000002e+28 mm Wall2=2.5000000000000002e+28 mm Mod=1 
VIA:V1  N__8 0 D1=0.375 mm D2=0.375 mm H=1.52 mm T=0.00375 mm 
MLIN2:TL6  N__11 N__15 Subst="MSub1" W=2.8 mm L=3mm Wall1=2.5000000000000002e+28 mm Wall2=2.5000000000000002e+28 mm Mod=1 
MCROS:Cros2  N__13 N__15 N__29 N__18 Subst="MSub1" W1=2.8 mm W2=2.8 mm W3=2.8 mm W4=2.8 mm 
MLIN2:TL7  N__6 N__30 Subst="MSub1" W=2.8 mm L=0.5 mm Wall1=2.5000000000000002e+28 mm Wall2=2.5000000000000002e+28 mm Mod=1 
CapJT:Kap3  N__30 N__29 C=C4 F 
VIA:V3  0 N__6 D1=0.375 mm D2=0.375 mm H=1.52 mm T=0.00375 mm 
MLIN2:TL8  N__18 P1 Subst="MSub1" W=2.8 mm L=4 mm Wall1=2.5000000000000002e+28 mm Wall2=2.5000000000000002e+28 mm Mod=1 
CapJT:Kap4  N__22 N__13 C=C2 F 
VIA:V4  0 N__17 D1=0.375 mm D2=0.375 mm H=1.52 mm T=0.00375 mm 

L=0.01 tune{ 0.008 to 0.02 logScale }
C1=2.1e-12 tune{ 1e-12 to 0.0001 logScale } opt{ 1e-12 to 100e-6 }
C3=1e-12 tune{ 1e-12 to 0.0001 logScale } opt{ 1e-12 to 100e-6 }
C4=0.0001 tune{ 1e-12 to 0.0001 logScale } opt{ 1e-12 to 100e-6 }
C2=1.3e-11 tune{ 1e-12 to 0.0001 logScale } opt{ 1e-12 to 100e-6 }
MRSTUB:Stub1  N__27 Subst="MSub1" Wi=2.8 mm L=L Angle=70 
CapJT:Kap5  N__12 N__14 C=C1 F 
VIA:V5  0 N__4 D1=0.375 mm D2=0.375 mm H=1.52 mm T=0.00375 mm 
MGAP:Gap1  N__28 N__2 Subst="MSub1" W=0.625 mm S=0.25 mm 
MGAP:Gap2  N__30 N__29 Subst="MSub1" W=0.625 mm S=0.25 mm 
MGAP:Gap4  N__14 N__12 Subst="MSub1" W=0.625 mm S=0.25 mm 
MGAP:Gap5  N__13 N__22 Subst="MSub1" W=0.625 mm S=0.25 mm 
